

 M A C C - N - C H E E S E   C O M P I L E R   L I S T I N G

					   Team HomeAID
					   Version 2016

		   Generated code is SAM assembly language for
				the MACC2 virtual computer.
 _______________________________________________________________

 April 25, 2016 at 03:39 PM
 Source file: /home/gosi1cal/Desktop/MaccNCheLion/Assign03.mnc

 LINE #
                    LDA       R15,VARS
     1  // Assign03.mnc
     2  //
     3  // Variable initialization and assignments.
     4  
     5  decs {
     6     int: n, m, k, x;
     7     float: a, b, c, d;
     8  }
     9  
    10     n = 5; m = 7; k = 4;
    11     a = 2.5; b = 3.1; c = 4.0;
    12  
    13     x = 4;
                    LD        R0,L3T0
                    STO       R0,L4T0
                    LD        R0,L1T0
                    STO       R0,L3T0
                    LD        R0,L2T0
                    STO       R0,L1T0
                    LD    R7,L1T0
                    IA    R7,L2T0
                    STO   R7,L2T0
                    LD    R7,L3T0
                    IM    R7,L2T0
                    STO   R7,L2T0
    14     x = k * (n + m);
                    WRI       L4T0
                    WRNL      
    15     shout x;
                    LD        R0,L1T0
                    STO       R0,L4T1
                    LD        R0,L2T0
                    STO       R0,L1T0
                    LD    R7,L1T0
                    IA    R7,L2T0
                    STO   R7,L2T0
                    LD    R7,L4T1
                    IM    R7,L2T0
                    STO   R7,L2T0
    16     x = 4 * (n + m);
                    WRI       L4T1
                    WRNL      
    17     shout x;
                    WRI       L1T0
                    WRI       L2T0
                    LD    R7,L1T0
                    IA    R7,L2T0
                    STO   R7,L2T0
                    WRI       L3T0
                    LD    R7,L2T0
                    IM    R7,L3T0
                    STO   R7,L3T0
                    WRNL      
    18     shout (n + m) * k;
                    LDA       R0,L7T0
                    LD        R1,#4
                    BKT       R0,L8T0
                    LDA       R0,L5T0
                    LD        R1,#4
                    BKT       R0,L7T0
                    LDA       R0,L6T0
                    LD        R1,#4
                    BKT       R0,L5T0
                    LDA   R1,L5T0
                    LD    R7,+0(R1)
                    LD    R8,+2(R1)
                    FS    R7,L6T0
                    LDA   R1,L6T0
                    STO   R7,+0(R1)
                    STO   R8,+2(R1)
                    LDA   R1,L7T0
                    LD    R7,+0(R1)
                    LD    R8,+2(R1)
                    FM    R7,L6T0
                    LDA   R1,L6T0
                    STO   R7,+0(R1)
                    STO   R8,+2(R1)
    19     d = c * (a - b);
                    WRF       L8T0
                    WRNL      
    20     shout d;
    21     // shout 400.0e-2 ;
    22     // d = 0.4e1 * (a - b);
    23     // shout d;
    24  
    25  
                    HALT      
                    % Data Area ------------
% ----------------------
LABEL    LBL1
INT   0
LABEL    L1T0
INT       5
LABEL    LBL2
INT   0
LABEL    L2T0
INT       7
LABEL    LBL3
INT   0
LABEL    L3T0
INT       4
LABEL    LBL4
INT   0
LABEL    L4T0
INT       4
LABEL    L4T1
INT       4
LABEL    LBL5
REAL   0.0
LABEL    L5T0
REAL      2.5
LABEL    LBL6
REAL   0.0
LABEL    L6T0
REAL      3.1
LABEL    LBL7
REAL   0.0
LABEL    L7T0
REAL      4.0
LABEL    LBL8
REAL   0.0
LABEL    L8T0
REAL      0

                    LABEL     VARS
                    SKIP      2


 _____________________________________________
 <><><><>   S Y M B O L   T A B L E   <><><><>

 Relative
 Address      Identifier
 --------     --------------------------------
 _____________________________________________

 Normal successful compilation.
