

 M A C C - N - C H E E S E   C O M P I L E R   L I S T I N G

					   Team HomeAID
					   Version 2016

		   Generated code is SAM assembly language for
				the MACC2 virtual computer.
 _______________________________________________________________

 April 25, 2016 at 03:22 PM
 Source file: /home/gosi1cal/Desktop/MaccNCheLion/Assign02.mnc

 LINE #
                    LDA       R15,VARS
     1  /: Assign02.mnc
     2  
     3     Arithmetic expressions and assignments.
     4  :/ 
     5  
     6  decs{
     7  	int:  x;
     8  	float: y, z;
     9  	int:  n;
    10  	}
    11  
                    LD    R7,L1T0
                    IA    R7,L1T1
                    STO   R7,L1T1
                    LD    R7,L1T1
                    IM    R7,L1T2
                    STO   R7,L1T2
    12  	x = (3 + 5) * 4;
                    WRNL
                    WRST      L5T0
                    WRI       L1T2
                    WRNL      
    13  	shout "\nx =", x;
                    LDA   R1,L2T0
                    LD    R7,+0(R1)
                    LD    R8,+2(R1)
                    FA    R7,L2T1
                    STO   R7,L2T1
                    LDA   R1,L2T1
                    LD    R7,+0(R1)
                    LD    R8,+2(R1)
                    FM    R7,L2T2
                    WRF   R7
                    STO   R7,L2T2
    14  	y = (2.3 + 7.1) * 5.0;
                    WRNL
                    WRST      L5T1
                    WRF       L2T2
                    WRNL      
    15  	shout "\ny =", y;
                    LDA   R1,L3T1
                    LD    R7,+0(R1)
                    LD    R8,+2(R1)
                    FS    R7,L3T2
                    STO   R7,L3T2
                    LDA   R1,L3T0
                    LD    R7,+0(R1)
                    LD    R8,+2(R1)
                    FM    R7,L3T2
                    WRF   R7
                    STO   R7,L3T2
    16  	z = 5.0 * (3.6 - 2.9);
                    WRNL
                    WRST      L5T2
                    WRF       L3T2
                    WRNL      
    17  	shout "\nz =", z;
                    LD    R7,L4T1
                    IM    R7,L4T2
                    STO   R7,L4T2
                    LD    R7,L4T0
                    IA    R7,L4T2
                    STO   R7,L4T2
                    LD    R7,L4T2
                    IS    R7,L4T3
                    STO   R7,L4T3
                    LD    R7,L4T3
                    ID    R7,L4T4
                    STO   R7,L4T4
    18  	n = ((2 + 6 * 9) - 8) / 7;
                    WRNL
                    WRST      L5T3
                    WRI       L4T4
                    WRNL      
    19  	shout "\nn =", n; 
    20  
    21  
                    HALT      
                    % Data Area ------------
% ----------------------
LABEL    LBL1
INT   0
LABEL    L1T0
INT       3
LABEL    L1T1
INT       5
LABEL    L1T2
INT       4
LABEL    LBL2
REAL   0.0
LABEL    L2T0
REAL      2.3
LABEL    L2T1
REAL      7.1
LABEL    L2T2
REAL      5.0
LABEL    LBL3
REAL   0.0
LABEL    L3T0
REAL      5.0
LABEL    L3T1
REAL      3.6
LABEL    L3T2
REAL      2.9
LABEL    LBL4
INT   0
LABEL    L4T0
INT       2
LABEL    L4T1
INT       6
LABEL    L4T2
INT       9
LABEL    L4T3
INT       8
LABEL    L4T4
INT       7
LABEL    LBL5
SKIP    50
LABEL    L5T0
STRING    "x ="
LABEL    L5T1
STRING    "y ="
LABEL    L5T2
STRING    "z ="
LABEL    L5T3
STRING    "n ="

                    LABEL     VARS
                    SKIP      2


 _____________________________________________
 <><><><>   S Y M B O L   T A B L E   <><><><>

 Relative
 Address      Identifier
 --------     --------------------------------
 _____________________________________________

 Normal successful compilation.
