

 M A C C - N - C H E E S E   C O M P I L E R   L I S T I N G

					   Team HomeAID
					   Version 2016

		   Generated code is SAM assembly language for
				the MACC2 virtual computer.
 _______________________________________________________________

 April 25, 2016 at 03:14 PM
 Source file: /home/gosi1cal/Desktop/MaccNCheLion/test.mnc

 LINE #
                    LDA       R15,VARS
     1  /: Testing Comments
     2  
     3  Does this still work? :/
     4  decs {
     5  	int: a, b, c;
     6  	float: t;
     7  	cheese: y,z;
     8  }
     9  
                    WRST      L7T0
                    WRNL      
    10  shout "A should equal 2:";
    11  
                    LD    R7,L1T0
                    ID    R7,L1T1
                    STO   R7,L1T1
                    LD    R7,L1T1
                    IM    R7,L1T2
                    STO   R7,L1T2
                    LD    R7,L1T3
                    IA    R7,L1T4
                    STO   R7,L1T4
                    LD    R7,L1T2
                    ID    R7,L1T4
                    STO   R7,L1T4
    12  a = (10 / 5) * 10 / (2 + 7);
    13  
                    WRST      L7T1
                    WRI       L1T4
                    WRNL      
    14  shout "A:", a;
    15  
                    WRST      L7T2
                    WRNL      
    16  shout "T should equal 2:";
    17  
    18  // t = ((5.0 / 0.25) * 0.5) + (1 / 3);
                    LDA   R1,L4T0
                    LD    R7,+0(R1)
                    LD    R8,+2(R1)
                    FM    R7,L4T1
                    STO   R7,L4T1
    19  t = 5.0 * 5.1;
    20  
                    WRST      L7T3
                    WRF       L4T1
                    WRNL      
    21  shout "T:", t;
    22  
    23  
                    HALT      
                    % Data Area ------------
% ----------------------
LABEL    LBL1
INT   0
LABEL    L1T0
INT       10
LABEL    L1T1
INT       5
LABEL    L1T2
INT       10
LABEL    L1T3
INT       2
LABEL    L1T4
INT       7
LABEL    LBL4
REAL   0.0
LABEL    L4T0
REAL      5.0
LABEL    L4T1
REAL      5.1
LABEL    LBL7
SKIP    50
LABEL    L7T0
STRING    "A should equal 2::"
LABEL    L7T1
STRING    "A::"
LABEL    L7T2
STRING    "T should equal 2::"
LABEL    L7T3
STRING    "T::"

                    LABEL     VARS
                    SKIP      2


 _____________________________________________
 <><><><>   S Y M B O L   T A B L E   <><><><>

 Relative
 Address      Identifier
 --------     --------------------------------
 _____________________________________________

 Normal successful compilation.
