

 M A C C - N - C H E E S E   C O M P I L E R   L I S T I N G

					   Team HomeAID
					   Version 2016

		   Generated code is SAM assembly language for
				the MACC2 virtual computer.
 _______________________________________________________________

 May 03, 2016 at 12:38 PM
 Source file: /home/gosi1cal/Desktop/MaccNCheLion/test.mnc

 LINE #
                    LDA	R15,VARS
     1  decs {
     2  	int: a, b, c;
     3  }
     4  
     5  a = 0;
     6  b = 0;
     7  
                    WRST	L4T0
                    WRNL	
     8  shout "Enter A: ";
                    RDI	L1T1
     9  listen a;
    10  
                    WRI	L1T1
                    WRNL	
    11  shout a;
    12  
    13  
                    WRST	L4T1
                    WRNL	
    14  shout "Before Loop --------->";
    15  
    16  while (b < a)
    17  	shout "B is now:", b;
    18  	b = b + 1;
                    LABEL	STM0
LD	R4, L2T0
LD	R5, L1T1
IC	R4, R5
JLT	JMP0
JMP	END0
LABEL	JMP0
WRST	L4T2
WRI	L2T0
WRNL	
LD	R0, L2T0
STO	R0, L2T0
LD	R7, L2T0
IA	R7, L2T1
STO	R7, L2T0
JMP	STM0
LABEL	END0

    19  end
    20  
                    WRST	L4T3
                    WRNL	
    21  shout "After Loop  --------->";
    22  
    23  
                    HALT	
                    % Data Area ------------
% ----------------------
LABEL	LBL1
INT	0
LABEL	L1T0
INT	0
LABEL	L1T1
INT	0
LABEL	LBL2
INT	0
LABEL	L2T0
INT	0
LABEL	L2T1
INT	1
LABEL	LBL4
SKIP	50
LABEL	L4T0
STRING	"Enter A:: "
LABEL	L4T1
STRING	"Before Loop --------->"
LABEL	L4T2
STRING	"B is now::"
LABEL	L4T3
STRING	"After Loop  --------->"

                    LABEL	VARS
                    SKIP	2


 _____________________________________________
 <><><><>   S Y M B O L   T A B L E   <><><><>

 Relative
 Address      Identifier
 --------     --------------------------------
 _____________________________________________

 Normal successful compilation.
